// Jest Snapshot v1, https://goo.gl/fbAQLP

exports[`<TextInput /> matches snapshot 1`] = `
<div>
  <div
    class="MuiBox-root MuiBox-root-10"
  >
    <span
      class="MuiTypography-root makeStyles-caption-6 MuiTypography-caption"
    >
      <div>
        Â 
      </div>
    </span>
    <div
      class="MuiFormControl-root MuiFormControl-fullWidth"
    >
      <label
        class="MuiFormLabel-root MuiFormLabel-colorSecondary MuiInputLabel-root MuiInputLabel-formControl MuiInputLabel-animated"
        data-shrink="false"
        for="text-input-testName"
      >
        Test Label
      </label>
      <div
        class="MuiInputBase-root MuiInput-root MuiInput-underline MuiInputBase-colorSecondary MuiInput-colorSecondary MuiInputBase-formControl MuiInput-formControl MuiInputBase-multiline MuiInput-multiline MuiInputBase-adornedEnd"
      >
        <textarea
          aria-invalid="false"
          class="MuiInputBase-input MuiInput-input MuiInputBase-inputMultiline MuiInput-inputMultiline MuiInputBase-inputAdornedEnd"
          id="text-input-testName"
          placeholder=""
          rows="1"
          style="height: 0px; overflow: hidden;"
        />
        <textarea
          aria-hidden="true"
          class="MuiInputBase-input MuiInput-input MuiInputBase-inputMultiline MuiInput-inputMultiline MuiInputBase-inputAdornedEnd"
          readonly=""
          style="visibility: hidden; position: absolute; overflow: hidden; height: 0px; top: 0px; left: 0px; transform: translateZ(0); width: 100%;"
          tabindex="-1"
        />
      </div>
      <p
        class="MuiFormHelperText-root makeStyles-helperText-8"
        role="note"
      />
    </div>
  </div>
</div>
`;
